// Jest Snapshot v1, https://goo.gl/fbAQLP

exports[`renders correctly 1`] = `
<div
  className="about-card"
  style={
    Object {
      "height": undefined,
    }
  }
>
  <i
    className="fas fa-users"
  />
  <h2>
    test title
  </h2>
  <p>
    test body
  </p>
</div>
`;
